// Jest Snapshot v1, https://goo.gl/fbAQLP

exports[`renders correctly 1`] = `
<View
  onLayout={[Function]}
  style={
    Object {
      "flex": 1,
    }
  }
>
  <View
    collapsable={false}
    onGestureHandlerEvent={[Function]}
    onGestureHandlerStateChange={[Function]}
    style={
      Object {
        "backgroundColor": "#eee",
        "flex": 1,
        "flexDirection": "column-reverse",
        "overflow": "hidden",
      }
    }
  >
    <View
      style={
        Object {
          "flex": 1,
        }
      }
    >
      <View
        pointerEvents="auto"
        style={
          Object {
            "bottom": 0,
            "left": 0,
            "opacity": 1,
            "paddingTop": 64,
            "position": "absolute",
            "right": 0,
            "top": 0,
            "transform": Array [
              Object {
                "translateX": 0,
              },
              Object {
                "translateY": 0,
              },
            ],
          }
        }
      >
        <View
          accessibilityElementsHidden={false}
          style={
            Object {
              "backgroundColor": "#fff",
              "flex": 1,
            }
          }
        >
          <View
            style={
              Object {
                "backgroundColor": "#20b353",
                "flex": 1,
                "flexDirection": "column",
                "padding": 50,
              }
            }
          >
            <Image
              source={1}
              style={
                Object {
                  "alignSelf": "center",
                  "height": 200,
                  "width": 200,
                }
              }
            />
            <Text
              style={
                Object {
                  "fontSize": 25,
                  "marginBottom": 20,
                  "textAlign": "center",
                }
              }
            >
              2 Wheeled Traveler
            </Text>
            <View
              style={Object {}}
            >
              <View
                accessible={true}
                isTVSelectable={true}
                onResponderGrant={[Function]}
                onResponderMove={[Function]}
                onResponderRelease={[Function]}
                onResponderTerminate={[Function]}
                onResponderTerminationRequest={[Function]}
                onStartShouldSetResponder={[Function]}
                style={
                  Object {
                    "alignItems": "center",
                    "backgroundColor": "transparent",
                    "borderBottomWidth": 1,
                    "borderColor": "#D9D5DC",
                    "borderLeftWidth": 0,
                    "borderRadius": undefined,
                    "borderRightWidth": 0,
                    "borderTopWidth": 0,
                    "borderWidth": undefined,
                    "flexDirection": "row",
                    "marginLeft": 15,
                    "marginTop": 15,
                    "opacity": 1,
                  }
                }
              >
                <View
                  style={
                    Object {
                      "left": 0,
                      "opacity": 1,
                      "paddingBottom": undefined,
                      "paddingTop": undefined,
                      "position": "absolute",
                      "right": 0,
                      "top": 18,
                    }
                  }
                >
                  <Text
                    style={
                      Object {
                        "color": "#575757",
                        "fontSize": 17,
                        "left": 0,
                        "paddingRight": 5,
                        "paddingTop": 5,
                        "top": 6,
                      }
                    }
                  >
                    <Text
                      style={
                        Object {
                          "fontSize": 17,
                        }
                      }
                    >
                      Email
                    </Text>
                  </Text>
                </View>
                <TextInput
                  allowFontScaling={true}
                  autoCapitalize="none"
                  autoCorrect={false}
                  editable={true}
                  onBlur={[Function]}
                  onChangeText={[Function]}
                  onFocus={[Function]}
                  placeholder={null}
                  placeholderTextColor="#575757"
                  rejectResponderTermination={true}
                  style={
                    Object {
                      "color": "#000",
                      "flex": 1,
                      "fontSize": 17,
                      "height": 50,
                      "marginLeft": null,
                      "paddingBottom": 7,
                      "paddingLeft": null,
                      "paddingRight": 5,
                      "paddingTop": 3,
                      "top": 10,
                    }
                  }
                  underlineColorAndroid="rgba(0,0,0,0)"
                  value=""
                />
              </View>
              <View
                accessible={true}
                isTVSelectable={true}
                onResponderGrant={[Function]}
                onResponderMove={[Function]}
                onResponderRelease={[Function]}
                onResponderTerminate={[Function]}
                onResponderTerminationRequest={[Function]}
                onStartShouldSetResponder={[Function]}
                style={
                  Object {
                    "alignItems": "center",
                    "backgroundColor": "transparent",
                    "borderBottomWidth": 1,
                    "borderColor": "#D9D5DC",
                    "borderLeftWidth": 0,
                    "borderRadius": undefined,
                    "borderRightWidth": 0,
                    "borderTopWidth": 0,
                    "borderWidth": undefined,
                    "flexDirection": "row",
                    "marginLeft": 15,
                    "marginTop": 15,
                    "opacity": 1,
                  }
                }
              >
                <View
                  style={
                    Object {
                      "left": 0,
                      "opacity": 1,
                      "paddingBottom": undefined,
                      "paddingTop": undefined,
                      "position": "absolute",
                      "right": 0,
                      "top": 18,
                    }
                  }
                >
                  <Text
                    style={
                      Object {
                        "color": "#575757",
                        "fontSize": 17,
                        "left": 0,
                        "paddingRight": 5,
                        "paddingTop": 5,
                        "top": 6,
                      }
                    }
                  >
                    <Text
                      style={
                        Object {
                          "fontSize": 17,
                        }
                      }
                    >
                      Password
                    </Text>
                  </Text>
                </View>
                <TextInput
                  allowFontScaling={true}
                  autoCapitalize="none"
                  autoCorrect={false}
                  editable={true}
                  onBlur={[Function]}
                  onChangeText={[Function]}
                  onFocus={[Function]}
                  placeholder={null}
                  placeholderTextColor="#575757"
                  rejectResponderTermination={true}
                  secureTextEntry={true}
                  style={
                    Object {
                      "color": "#000",
                      "flex": 1,
                      "fontSize": 17,
                      "height": 50,
                      "marginLeft": null,
                      "paddingBottom": 7,
                      "paddingLeft": null,
                      "paddingRight": 5,
                      "paddingTop": 3,
                      "top": 10,
                    }
                  }
                  underlineColorAndroid="rgba(0,0,0,0)"
                  value=""
                />
              </View>
              <View
                accessible={true}
                isTVSelectable={true}
                onResponderGrant={[Function]}
                onResponderMove={[Function]}
                onResponderRelease={[Function]}
                onResponderTerminate={[Function]}
                onResponderTerminationRequest={[Function]}
                onStartShouldSetResponder={[Function]}
                style={
                  Object {
                    "alignItems": "center",
                    "alignSelf": "stretch",
                    "backgroundColor": "white",
                    "borderBottomWidth": null,
                    "borderColor": "#007aff",
                    "borderLeftWidth": null,
                    "borderRadius": 57,
                    "borderRightWidth": null,
                    "borderTopWidth": null,
                    "borderWidth": undefined,
                    "elevation": 2,
                    "flexDirection": "row",
                    "height": 45,
                    "justifyContent": "center",
                    "marginTop": 20,
                    "opacity": 1,
                    "paddingBottom": 6,
                    "paddingTop": 6,
                    "shadowColor": undefined,
                    "shadowOffset": undefined,
                    "shadowOpacity": undefined,
                    "shadowRadius": undefined,
                  }
                }
              >
                <Text>
                  Login
                </Text>
              </View>
            </View>
            <View
              accessible={true}
              isTVSelectable={true}
              onResponderGrant={[Function]}
              onResponderMove={[Function]}
              onResponderRelease={[Function]}
              onResponderTerminate={[Function]}
              onResponderTerminationRequest={[Function]}
              onStartShouldSetResponder={[Function]}
              style={
                Object {
                  "alignItems": "center",
                  "alignSelf": "stretch",
                  "backgroundColor": "white",
                  "borderBottomWidth": null,
                  "borderColor": "#007aff",
                  "borderLeftWidth": null,
                  "borderRadius": 57,
                  "borderRightWidth": null,
                  "borderTopWidth": null,
                  "borderWidth": undefined,
                  "elevation": 2,
                  "flexDirection": "row",
                  "height": 45,
                  "justifyContent": "center",
                  "marginTop": 20,
                  "opacity": 1,
                  "paddingBottom": 6,
                  "paddingTop": 6,
                  "shadowColor": undefined,
                  "shadowOffset": undefined,
                  "shadowOpacity": undefined,
                  "shadowRadius": undefined,
                }
              }
            >
              <Text>
                Signup
              </Text>
            </View>
          </View>
        </View>
      </View>
    </View>
    <View
      onLayout={[Function]}
      pointerEvents="box-none"
      style={
        Object {
          "left": 0,
          "position": "absolute",
          "right": 0,
          "top": 0,
        }
      }
    >
      <View
        style={
          Object {
            "backgroundColor": "#fff",
            "transform": Array [
              Object {
                "translateX": 0,
              },
            ],
          }
        }
      >
        <View
          onLayout={[Function]}
          pointerEvents="box-none"
          style={
            Object {
              "backgroundColor": "#fff",
              "borderBottomColor": "#a7a7aa",
              "borderBottomWidth": 0.5,
              "height": 64,
              "paddingBottom": 0,
              "paddingLeft": 0,
              "paddingRight": 0,
              "paddingTop": 20,
            }
          }
        >
          <View
            style={
              Object {
                "flex": 1,
              }
            }
          >
            <View
              style={
                Object {
                  "bottom": 0,
                  "flexDirection": "row",
                  "left": 0,
                  "position": "absolute",
                  "right": 0,
                  "top": 0,
                }
              }
            >
              <View
                pointerEvents="box-none"
                style={
                  Object {
                    "alignItems": "center",
                    "backgroundColor": "transparent",
                    "bottom": 0,
                    "flexDirection": "row",
                    "justifyContent": "center",
                    "left": 0,
                    "opacity": 1,
                    "position": "absolute",
                    "right": 0,
                    "top": 0,
                  }
                }
              >
                <Text
                  accessibilityTraits="header"
                  allowFontScaling={false}
                  numberOfLines={1}
                  onLayout={[Function]}
                  style={
                    Object {
                      "color": "rgba(0, 0, 0, 0.9)",
                      "fontSize": 17,
                      "fontWeight": "600",
                      "marginHorizontal": 16,
                      "textAlign": "center",
                    }
                  }
                >
                  Login
                </Text>
              </View>
            </View>
          </View>
        </View>
      </View>
    </View>
  </View>
</View>
`;
